// Jest Snapshot v1, https://goo.gl/fbAQLP

exports[`Remove Row 1`] = `
<div>
  <div
    class="table__body"
    id="table-body"
  >
    <div
      class="table__row"
      data-row-city="524894"
    >
      <button
        class="table__row-remove"
        data-remove-city="524894"
        data-testid="524894"
      >
        ×
      </button>
    </div>
    <div
      class="table__row"
      data-row-city="1496747"
    >
      <button
        class="table__row-remove"
        data-remove-city="1496747"
      >
        ×
      </button>
    </div>
    <div
      class="table__row"
      data-row-city="504341"
    >
      <button
        class="table__row-remove"
        data-remove-city="504341"
      >
        ×
      </button>
    </div>
  </div>
  

</div>
`;
